\BOOKMARK [1][-]{section.1}{\376\377\000A\000l\000c\000a\000n\000c\000e\000\040\000y\000\040\000l\000i\000m\000i\000t\000e\000s}{}% 1
\BOOKMARK [1][-]{section.2}{\376\377\000M\000a\000n\000u\000a\000l\000\040\000d\000e\000\040\000u\000s\000o}{}% 2
\BOOKMARK [1][-]{section.3}{\376\377\000S\000i\000s\000t\000e\000m\000a\000s\000\040\000i\000m\000p\000l\000e\000m\000e\000n\000t\000a\000d\000o\000s\000,\000\040\000e\000c\000u\000a\000c\000i\000o\000n\000e\000s\000,\000\040\000p\000a\000r\000a\000m\000e\000t\000r\000o\000s\000\040\000y\000\040\000r\000e\000f\000e\000r\000e\000n\000c\000i\000a\000s}{}% 3
\BOOKMARK [2][-]{subsection.3.1}{\376\377\000L\000o\000r\000e\000n\000z}{section.3}% 4
\BOOKMARK [2][-]{subsection.3.2}{\376\377\000R\000o\000s\000s\000l\000e\000r}{section.3}% 5
\BOOKMARK [2][-]{subsection.3.3}{\376\377\000C\000h\000u\000a\000\040\000/\000\040\000d\000o\000b\000l\000e\000\040\000s\000c\000r\000o\000l\000l}{section.3}% 6
\BOOKMARK [2][-]{subsection.3.4}{\376\377\000C\000h\000e\000n}{section.3}% 7
\BOOKMARK [2][-]{subsection.3.5}{\376\377\000L\000u}{section.3}% 8
\BOOKMARK [2][-]{subsection.3.6}{\376\377\000H\000e\000n\000o\000n}{section.3}% 9
\BOOKMARK [2][-]{subsection.3.7}{\376\377\000L\000o\000g\000i\000s\000t\000i\000c\000o}{section.3}% 10
\BOOKMARK [2][-]{subsection.3.8}{\376\377\000I\000k\000e\000d\000a}{section.3}% 11
\BOOKMARK [2][-]{subsection.3.9}{\376\377\000M\000a\000c\000k\000e\000y\040\023\000G\000l\000a\000s\000s}{section.3}% 12
\BOOKMARK [2][-]{subsection.3.10}{\376\377\000D\000u\000f\000f\000i\000n\000g\040\023\000U\000e\000d\000a}{section.3}% 13
\BOOKMARK [2][-]{subsection.3.11}{\376\377\000R\000a\000b\000i\000n\000o\000v\000i\000c\000h\040\023\000F\000a\000b\000r\000i\000k\000a\000n\000t}{section.3}% 14
\BOOKMARK [2][-]{subsection.3.12}{\376\377\000R\000i\000k\000i\000t\000a\000k\000e}{section.3}% 15
\BOOKMARK [2][-]{subsection.3.13}{\376\377\000S\000p\000r\000o\000t\000t\000\040\000A}{section.3}% 16
\BOOKMARK [2][-]{subsection.3.14}{\376\377\000T\000h\000o\000m\000a\000s}{section.3}% 17
\BOOKMARK [2][-]{subsection.3.15}{\376\377\000H\000i\000n\000d\000m\000a\000r\000s\000h\040\023\000R\000o\000s\000e}{section.3}% 18
\BOOKMARK [2][-]{subsection.3.16}{\376\377\000L\000o\000r\000e\000n\000z\040\023\0009\0006}{section.3}% 19
\BOOKMARK [1][-]{section.4}{\376\377\000M\000e\000t\000o\000d\000o\000s\000\040\000n\000u\000m\000e\000r\000i\000c\000o\000s\000\040\000i\000m\000p\000l\000e\000m\000e\000n\000t\000a\000d\000o\000s}{}% 20
\BOOKMARK [2][-]{subsection.4.1}{\376\377\000E\000u\000l\000e\000r\000\040\000e\000x\000p\000l\000i\000c\000i\000t\000o}{section.4}% 21
\BOOKMARK [2][-]{subsection.4.2}{\376\377\000H\000e\000u\000n\000\040\000/\000\040\000E\000u\000l\000e\000r\000\040\000m\000e\000j\000o\000r\000a\000d\000o}{section.4}% 22
\BOOKMARK [2][-]{subsection.4.3}{\376\377\000R\000u\000n\000g\000e\040\023\000K\000u\000t\000t\000a\000\040\0004}{section.4}% 23
\BOOKMARK [1][-]{section.5}{\376\377\000F\000u\000n\000c\000i\000o\000n\000e\000s\000\040\000y\000\040\000l\000o\000g\000i\000c\000a\000\040\000m\000e\000t\000o\000d\000o\000l\000o\000g\000i\000c\000a}{}% 24
\BOOKMARK [2][-]{subsection.5.1}{\376\377\000S\000i\000m\000u\000l\000a\000c\000i\000o\000n\000\040\000y\000\040\000s\000e\000l\000e\000c\000c\000i\000o\000n\000\040\000d\000e\000\040\000t\000r\000a\000y\000e\000c\000t\000o\000r\000i\000a\000s}{section.5}% 25
\BOOKMARK [2][-]{subsection.5.2}{\376\377\000D\000i\000a\000g\000r\000a\000m\000a\000s\000\040\000d\000e\000\040\000b\000i\000f\000u\000r\000c\000a\000c\000i\000o\000n}{section.5}% 26
\BOOKMARK [2][-]{subsection.5.3}{\376\377\000C\000u\000e\000n\000c\000a\000s\000\040\000y\000\040\000c\000l\000a\000s\000i\000f\000i\000c\000a\000c\000i\000o\000n\000\040\000d\000e\000\040\000c\000o\000m\000p\000o\000r\000t\000a\000m\000i\000e\000n\000t\000o}{section.5}% 27
\BOOKMARK [2][-]{subsection.5.4}{\376\377\000A\000n\000a\000l\000i\000s\000i\000s\000\040\000e\000s\000p\000e\000c\000t\000r\000a\000l\000\040\000y\000\040\000F\000F\000T}{section.5}% 28
\BOOKMARK [2][-]{subsection.5.5}{\376\377\000E\000x\000p\000o\000n\000e\000n\000t\000e\000s\000\040\000d\000e\000\040\000L\000y\000a\000p\000u\000n\000o\000v\000\040\000y\000\040\000m\000e\000t\000o\000d\000o\000\040\000d\000e\000\040\000B\000e\000n\000e\000t\000t\000i\000n}{section.5}% 29
\BOOKMARK [2][-]{subsection.5.6}{\376\377\000A\000u\000t\000o\000v\000a\000l\000o\000r\000e\000s\000\040\000y\000\040\000c\000l\000a\000s\000i\000f\000i\000c\000a\000c\000i\000o\000n\000\040\000l\000o\000c\000a\000l}{section.5}% 30
